QA output created by 001
test
test
test
Silence is golden
