QA output created by 003
test
test
Silence is golden
