QA output created by 005
test
test
test
test
test
test
test
Silence is golden
