QA output created by 010
llseek: SEEK_DATA 0, SEEK_HOLE 4096
Silence is golden
