QA output created by 013
[READ]
backing file is inuse
[CLOSE]
backing file is not inuse
backing file is culled
Silence is golden
