QA output created by 014
test
test
Silence is golden
